[     417ms] [ERROR] Failed to load resource: the server responded with a status of 404 (Not Found) @ http://localhost:3000/favicon.ico:0
[   33716ms] [ERROR] Failed to load resource: the server responded with a status of 422 (Unprocessable Entity) @ http://localhost:3000/api/report/summary?start_date=2026-05-31&end_date=2026-06-29:0
[   33717ms] [ERROR] Failed to load resource: the server responded with a status of 422 (Unprocessable Entity) @ http://localhost:3000/api/wages?start_date=2026-05-31&end_date=2026-06-29:0
[   33717ms] [ERROR] Failed to load resource: the server responded with a status of 422 (Unprocessable Entity) @ http://localhost:3000/api/expenses?start_date=2026-05-31&end_date=2026-06-29:0
[   33801ms] AxiosError: Request failed with status code 422
    at settle (http://localhost:3000/node_modules/.vite/deps/axios.js?v=fef69823:1457:12)
    at XMLHttpRequest.onloadend (http://localhost:3000/node_modules/.vite/deps/axios.js?v=fef69823:1862:7)
    at Axios.request (http://localhost:3000/node_modules/.vite/deps/axios.js?v=fef69823:2743:41)
    at async Promise.all (index 0)
    at async loadData (http://localhost:3000/src/views/Dashboard.vue:31:47)
[   57563ms] [ERROR] Failed to load resource: the server responded with a status of 401 (Unauthorized) @ http://localhost:3000/api/report/summary?cycle_id=1&start_date=2026-05-31&end_date=2026-06-29:0
[   57566ms] [ERROR] Failed to load resource: the server responded with a status of 401 (Unauthorized) @ http://localhost:3000/api/wages?cycle_id=1&start_date=2026-05-31&end_date=2026-06-29:0
[   57566ms] [ERROR] Failed to load resource: the server responded with a status of 401 (Unauthorized) @ http://localhost:3000/api/expenses?cycle_id=1&start_date=2026-05-31&end_date=2026-06-29:0
[   57672ms] AxiosError: Request failed with status code 401
    at settle (http://localhost:3000/node_modules/.vite/deps/axios.js?v=fef69823:1457:12)
    at XMLHttpRequest.onloadend (http://localhost:3000/node_modules/.vite/deps/axios.js?v=fef69823:1862:7)
    at Axios.request (http://localhost:3000/node_modules/.vite/deps/axios.js?v=fef69823:2743:41)
    at async Promise.all (index 0)
    at async loadData (http://localhost:3000/src/views/Dashboard.vue:31:47)
[   88979ms] [ERROR] Failed to load resource: the server responded with a status of 400 (Bad Request) @ http://localhost:3000/api/cycles:0
[   89042ms] AxiosError: Request failed with status code 400
    at settle (http://localhost:3000/node_modules/.vite/deps/axios.js?v=fef69823:1457:12)
    at XMLHttpRequest.onloadend (http://localhost:3000/node_modules/.vite/deps/axios.js?v=fef69823:1862:7)
[   88984ms] [ERROR] Failed to load resource: the server responded with a status of 400 (Bad Request) @ http://localhost:3000/api/wages?start_date=2026-05-31&end_date=2026-06-29:0
[   88984ms] [ERROR] Failed to load resource: the server responded with a status of 400 (Bad Request) @ http://localhost:3000/api/expenses?start_date=2026-05-31&end_date=2026-06-29:0
[   88984ms] [ERROR] Failed to load resource: the server responded with a status of 400 (Bad Request) @ http://localhost:3000/api/report/summary?start_date=2026-05-31&end_date=2026-06-29:0
[   89042ms] AxiosError: Request failed with status code 400
    at settle (http://localhost:3000/node_modules/.vite/deps/axios.js?v=fef69823:1457:12)
    at XMLHttpRequest.onloadend (http://localhost:3000/node_modules/.vite/deps/axios.js?v=fef69823:1862:7)
    at Axios.request (http://localhost:3000/node_modules/.vite/deps/axios.js?v=fef69823:2743:41)
    at async Promise.all (index 1)
    at async loadData (http://localhost:3000/src/views/Dashboard.vue:31:47)
[  138517ms] [ERROR] Failed to load resource: the server responded with a status of 422 (Unprocessable Entity) @ http://localhost:3000/api/wages?start_date=2026-05-31&end_date=2026-06-29:0
[  138521ms] AxiosError: Request failed with status code 422
    at settle (http://localhost:3000/node_modules/.vite/deps/axios.js?v=fef69823:1457:12)
    at XMLHttpRequest.onloadend (http://localhost:3000/node_modules/.vite/deps/axios.js?v=fef69823:1862:7)
    at Axios.request (http://localhost:3000/node_modules/.vite/deps/axios.js?v=fef69823:2743:41)
    at async Promise.all (index 1)
    at async loadData (http://localhost:3000/src/views/Dashboard.vue:31:47)
[  138518ms] [ERROR] Failed to load resource: the server responded with a status of 422 (Unprocessable Entity) @ http://localhost:3000/api/report/summary?start_date=2026-05-31&end_date=2026-06-29:0
[  138521ms] [ERROR] Failed to load resource: the server responded with a status of 422 (Unprocessable Entity) @ http://localhost:3000/api/expenses?start_date=2026-05-31&end_date=2026-06-29:0
